[Ignored,Ignored,Ignored,Ignored,Ignored,Ignored,Ignored,Ignored,Ignored,Ignored,Ignored,Ignored,Ignored,Ignored,Ignored,Ignored,Ignored,Ignored,Ignored,Ignored,Ignored,Ignored,Ignored,Ignored,Ignored,Ignored,Ignored,Ignored,Ignored,Ignored,Ignored,Ignored,Ignored,Ignored,Ignored,Ignored,Ignored,Ignored,Covered 560,Covered 19,Covered 19,Covered 19,Covered 15,Covered 15,Covered 560,Covered 2,Covered 2,Covered 560,Covered 16,Covered 16,Covered 19,Covered 19,Covered 19,Covered 12,Covered 12,Covered 6,Covered 6,Covered 560,Covered 5,Covered 5,Covered 560,Covered 5,Covered 5,NotCovered,NotCovered,Covered 21,Covered 21,Covered 560,Covered 42,Covered 560,Covered 398,NotCovered,Ignored,Ignored,Covered 488,Covered 21,Covered 66,Covered 402,NotCovered,Ignored,Ignored,Ignored,Covered 1,Covered 1,Covered 560,Covered 560,Covered 37,Covered 83,Covered 1,Covered 558,Covered 563,Ignored,Ignored,Ignored,Covered 431,Covered 24,Covered 402,Covered 2,Covered 2,NotCovered,Covered 432,NotCovered,NotCovered,NotCovered,Ignored,Ignored,Covered 259,Covered 17,Covered 218,Covered 8,Covered 8,NotCovered,Covered 259,NotCovered,Covered 8,NotCovered]