[Ignored,Ignored,Ignored,Ignored,Ignored,Ignored,Ignored,Ignored,Ignored,Ignored,Ignored,Ignored,Ignored,Covered 398,Covered 19,Covered 12,Covered 6,Covered 21,Covered 42,NotCovered,Covered 5,Covered 5,Covered 16,Covered 19,Covered 15,Covered 2,Ignored,Ignored,Ignored,Covered 586,Ignored,Ignored,NotCovered,Ignored,Ignored,Covered 563,Covered 1,Covered 1,Covered 1,Covered 3,Covered 3,Covered 3,Covered 1,Covered 1,Covered 1,Covered 1,Covered 1,Covered 1,Covered 2,Covered 2,Covered 1,Covered 1,Covered 1,Covered 1,Covered 1,Covered 2,NotCovered,NotCovered,Covered 11,Covered 6,Covered 6,Covered 4,Covered 1,Covered 1,Covered 4,Covered 1,Covered 1,Covered 1,Covered 4,Covered 1,Covered 4,Covered 1,Covered 4,Covered 1,Covered 4,NotCovered,NotCovered,NotCovered,Covered 2,Covered 2,Covered 2,Covered 2,Covered 2,Covered 2,Covered 2,Covered 2,Covered 2,Covered 2,Covered 2,Covered 2,Covered 2,Covered 2,Covered 2,NotCovered,NotCovered,NotCovered,NotCovered,Ignored,Ignored,Ignored,Ignored,Covered 558,Covered 559,NotCovered,NotCovered,NotCovered,NotCovered,NotCovered,NotCovered,NotCovered,NotCovered,Covered 559,Covered 1,Covered 1,Covered 1,Covered 1,Covered 1,Covered 1,Covered 1,Covered 1,Covered 559,Covered 1,Covered 1,Covered 1,Covered 1,Covered 1,Covered 559,Covered 1,Covered 559,Covered 1,Covered 559,Covered 1,Covered 559,Covered 1,Covered 1,Covered 559,Covered 1,Covered 559,Covered 1,Covered 559,Covered 1,Covered 559,NotCovered,Covered 559,Covered 1,Covered 559,Covered 1,Covered 559,Covered 1,Covered 559,Covered 1,Covered 559,Covered 1,Covered 559,Covered 1,Covered 559,Covered 1,Covered 1,Covered 1,Covered 1,Covered 1,Covered 1,Covered 1,Covered 1,Covered 559,Covered 1,Covered 1,Covered 1,Covered 559,Covered 1,Covered 1,Covered 1,Covered 559,Covered 1,Covered 1,Covered 1,Covered 1,Covered 559,Covered 1,Covered 559,Covered 1,Covered 559,Covered 1,Covered 1,Covered 1,Covered 1,Covered 1,Covered 1,Covered 1,Covered 1,Covered 559,Covered 1,Covered 1,Covered 1,Covered 1,Covered 559,Covered 1,Covered 559,Covered 1,Covered 559,NotCovered,NotCovered,Covered 559,NotCovered,Covered 559,Covered 1,Covered 1,Covered 1,Covered 1,Covered 1,Covered 1,Covered 1,Covered 1,Covered 559,Covered 1,Covered 1,Covered 1,Covered 1,Covered 1,Covered 559,Covered 1,Covered 1,Covered 1,Covered 1,Covered 1,Covered 559,Covered 1,Covered 1,Covered 1,Covered 1,Covered 1,Covered 559,NotCovered,Covered 559,Covered 1,Covered 1,Covered 1,Covered 1,Covered 1,Covered 1,Covered 1,Covered 1,Covered 559,Covered 1,Covered 559,Covered 1,Covered 559,Covered 1,Covered 559,Covered 1,Covered 559,Covered 1,Covered 1,Covered 1,Covered 1,Covered 1,Covered 559,Covered 1,Covered 1,Covered 1,Covered 1,Covered 1,Covered 559,NotCovered,Covered 559,NotCovered,Covered 559,NotCovered,NotCovered,NotCovered,NotCovered,NotCovered,NotCovered,NotCovered,NotCovered,Covered 559,Covered 1,Covered 559,Covered 1,Covered 559,Covered 1,Covered 559,NotCovered,Covered 1,Covered 1,NotCovered,Covered 1,NotCovered,NotCovered,Covered 559,Covered 1,Covered 1,Covered 1,Covered 559,Covered 1,Covered 1,Covered 1,Covered 559,Covered 1,Covered 559,Covered 1,Covered 559,Covered 1,Covered 559,Covered 1,Covered 559,Covered 1,Covered 559,Covered 1,NotCovered]