[Ignored,Ignored,Ignored,Ignored,Ignored,Ignored,Ignored,Ignored,Ignored,Ignored,Ignored,Ignored,Ignored,Ignored,Ignored,Ignored,Ignored,Ignored,Ignored,Ignored,Ignored,Ignored,Ignored,Ignored,Ignored,Covered 75,Covered 74,Covered 114,Covered 74,Covered 74,Covered 74,Ignored,Ignored,Ignored,Ignored,Covered 24,Covered 24,Covered 24,Covered 24,Covered 24,Ignored,Ignored,Ignored,Covered 17,Ignored,Ignored,Covered 1,Ignored,Ignored,Covered 1,Ignored,Ignored,Covered 16,Covered 1,Ignored,Ignored,Covered 18,Covered 18,Ignored,Ignored,Covered 1,Ignored,Ignored,Covered 1,Ignored,Ignored,Covered 5,Covered 1,Ignored,Ignored,Covered 1,Covered 5,Ignored,Ignored,NotCovered,Ignored,Ignored,NotCovered]