[Ignored,Ignored,Ignored,Ignored,Ignored,Ignored,Ignored,Ignored,Ignored,Ignored,Ignored,Ignored,Ignored,Ignored,Ignored,Ignored,Ignored,Ignored,Ignored,Ignored,Ignored,Covered 1,Ignored,Ignored,Covered 9,Ignored,Ignored,Ignored,Covered 1,Ignored,Ignored,Ignored,Covered 1,Ignored,Ignored,Ignored,Covered 1,Ignored,Ignored,Ignored,Covered 1,Ignored,Ignored,Ignored,NotCovered,NotCovered,NotCovered,NotCovered,NotCovered,NotCovered,NotCovered,NotCovered,NotCovered,NotCovered,NotCovered,NotCovered,Ignored,Ignored,Ignored,NotCovered,NotCovered,NotCovered,NotCovered,NotCovered,NotCovered,NotCovered,NotCovered]