[Ignored,Ignored,Ignored,Ignored,Ignored,Ignored,Ignored,Ignored,Ignored,Ignored,Ignored,Ignored,Ignored,Ignored,Ignored,Ignored,Ignored,Ignored,Ignored,Ignored,Ignored,Ignored,Ignored,Ignored,Ignored,Ignored,NotCovered,Ignored,Ignored,NotCovered,NotCovered,Ignored,NotCovered,Ignored,Ignored,NotCovered,Ignored,Ignored,NotCovered,NotCovered,NotCovered,Ignored,NotCovered,Ignored,Ignored,NotCovered,Ignored,Ignored,Ignored,NotCovered,Ignored,Ignored,NotCovered,NotCovered,Ignored,Ignored,NotCovered,NotCovered,NotCovered,Ignored,Ignored,Ignored,Covered 1,Ignored,Ignored,NotCovered,Ignored,Ignored,NotCovered,NotCovered,NotCovered,Ignored,NotCovered,Ignored,Ignored,Covered 2,Ignored,Ignored,NotCovered,NotCovered,NotCovered,Ignored,NotCovered,Ignored,Ignored,NotCovered,Ignored,Ignored,Ignored,Ignored,NotCovered,Ignored,Ignored,Ignored,Ignored,Ignored,Ignored,Ignored,Covered 8,Ignored,Ignored,Ignored,Ignored,Ignored,Ignored,Ignored,Covered 1,Ignored,Ignored,Ignored,Ignored,Ignored,Ignored,Ignored,Ignored,Ignored,Ignored,Ignored,Ignored,Ignored,Ignored,Covered 1,Ignored,Ignored,NotCovered,NotCovered,NotCovered,NotCovered,Ignored,Ignored,NotCovered,NotCovered,Ignored,Ignored,NotCovered,NotCovered,Ignored,Ignored,NotCovered,Ignored,Ignored,NotCovered,Ignored,Ignored,NotCovered,Ignored,Ignored,NotCovered,Ignored,Ignored,NotCovered,NotCovered,NotCovered,NotCovered,NotCovered,NotCovered,Ignored,Ignored,NotCovered,NotCovered,NotCovered,NotCovered,NotCovered,NotCovered,Ignored,Ignored,Ignored,NotCovered,NotCovered,NotCovered,NotCovered,NotCovered,NotCovered,NotCovered,NotCovered,NotCovered,NotCovered,NotCovered,NotCovered,NotCovered,Ignored,Ignored,NotCovered,NotCovered,NotCovered]