[Ignored,Ignored,Ignored,Ignored,Ignored,Ignored,Ignored,Ignored,Ignored,Ignored,Ignored,Ignored,Ignored,Ignored,Ignored,Ignored,Ignored,Ignored,Ignored,Ignored,Ignored,Ignored,Ignored,Ignored,Ignored,Ignored,Ignored,Ignored,Ignored,Ignored,Ignored,Ignored,Ignored,Ignored,Ignored,Ignored,Ignored,Ignored,Ignored,Ignored,Ignored,Ignored,Ignored,Ignored,Ignored,Ignored,Ignored,Ignored,Ignored,Ignored,Ignored,Ignored,NotCovered,Ignored,Ignored,Ignored,NotCovered,NotCovered,NotCovered,NotCovered,NotCovered,NotCovered,NotCovered,NotCovered,NotCovered,NotCovered,NotCovered,NotCovered,Ignored,Ignored,Ignored,Ignored,NotCovered,NotCovered,Ignored,Ignored,NotCovered,Ignored,Ignored,NotCovered,Ignored,Ignored,Ignored,NotCovered,Ignored,Ignored,NotCovered,Ignored,Ignored,NotCovered,Ignored,Ignored,NotCovered,Ignored,Ignored,NotCovered,Ignored,Ignored,NotCovered,Ignored,Ignored,NotCovered,Ignored,Ignored,NotCovered,Ignored,Ignored,NotCovered,Ignored,Ignored,NotCovered,Ignored,Ignored,NotCovered,Ignored,Ignored,NotCovered,Ignored,Ignored,NotCovered,Ignored,Ignored,NotCovered,Ignored,Ignored,NotCovered,Ignored,Ignored,NotCovered,Ignored,Ignored,NotCovered,Ignored,Ignored,NotCovered,NotCovered,NotCovered,NotCovered,NotCovered,Ignored,Ignored,NotCovered,NotCovered,Ignored,Ignored,NotCovered,Ignored,Ignored,NotCovered,Ignored,Ignored,Ignored,NotCovered,Ignored,Ignored,NotCovered,NotCovered,Ignored,Ignored,NotCovered,NotCovered,Ignored,Ignored,NotCovered,Ignored,Ignored,NotCovered,Ignored,Ignored,NotCovered,Ignored,Ignored,NotCovered,Ignored,Ignored,NotCovered,NotCovered,NotCovered,Ignored,Ignored,NotCovered,NotCovered,NotCovered,Ignored,Ignored,Ignored,NotCovered,NotCovered,Ignored,Ignored,NotCovered,NotCovered,Ignored,Ignored,NotCovered,NotCovered,Ignored,Ignored,NotCovered,Ignored,Ignored,NotCovered,Ignored,Ignored,Ignored,Ignored,NotCovered,Ignored,Ignored,NotCovered,NotCovered,NotCovered,NotCovered,NotCovered,NotCovered,Ignored,Ignored,Ignored,NotCovered,Ignored,Ignored,NotCovered,NotCovered,NotCovered,NotCovered,NotCovered,NotCovered,NotCovered,Ignored,Ignored,NotCovered,Ignored,Ignored,Ignored,NotCovered,NotCovered,NotCovered,NotCovered,NotCovered,NotCovered,NotCovered,Ignored,Ignored,Ignored,NotCovered,Ignored,Ignored,NotCovered,Ignored,Ignored,NotCovered,Ignored,Ignored,NotCovered,Ignored,Ignored,NotCovered,Ignored,Ignored,NotCovered,Ignored,Ignored,NotCovered,NotCovered,NotCovered,NotCovered,NotCovered,Ignored,Ignored,NotCovered,Ignored,Ignored,NotCovered,NotCovered,Ignored,Ignored,NotCovered,NotCovered,NotCovered,NotCovered,NotCovered,NotCovered,Ignored,Ignored,NotCovered,NotCovered,Ignored,Ignored,NotCovered,NotCovered,NotCovered,NotCovered,NotCovered,NotCovered,Ignored,Ignored,NotCovered,NotCovered,Ignored,Ignored,Ignored,NotCovered,NotCovered,NotCovered,NotCovered,NotCovered,NotCovered,NotCovered,NotCovered,NotCovered,Ignored,Ignored,Ignored,Ignored,NotCovered,NotCovered,NotCovered,NotCovered,NotCovered,NotCovered,NotCovered,Ignored,Ignored,NotCovered,NotCovered,NotCovered,Ignored,Ignored,NotCovered,NotCovered,Ignored,Ignored,NotCovered,NotCovered,NotCovered,NotCovered,NotCovered,NotCovered,NotCovered,Ignored,Ignored,NotCovered,NotCovered,NotCovered,Ignored,Ignored,NotCovered,Ignored,Ignored,NotCovered,Ignored,Ignored,Ignored,NotCovered,NotCovered,NotCovered,NotCovered,NotCovered,NotCovered,NotCovered]