[Ignored,Ignored,Ignored,Ignored,Ignored,Ignored,Ignored,Ignored,Ignored,Ignored,Ignored,Ignored,Ignored,Ignored,Ignored,Ignored,Ignored,Ignored,Ignored,Ignored,Ignored,Ignored,Ignored,Ignored,Ignored,Ignored,Ignored,Ignored,Ignored,Ignored,Ignored,Ignored,Ignored,Ignored,Ignored,Ignored,Ignored,Ignored,Ignored,Ignored,Ignored,Ignored,Ignored,Ignored,Ignored,Ignored,Ignored,Ignored,Ignored,Ignored,Ignored,Ignored,Ignored,Ignored,Ignored,Ignored,Ignored,Ignored,Ignored,Ignored,Ignored,Ignored,NotCovered,NotCovered,NotCovered,NotCovered,NotCovered,NotCovered,NotCovered,NotCovered,NotCovered,Ignored,Ignored,Ignored,Ignored,Ignored,Ignored,Ignored,Ignored,Ignored,Ignored,Ignored,Ignored,Ignored,Ignored,Ignored,Ignored,Ignored,Ignored,Ignored,NotCovered,Ignored,Covered 1289,NotCovered,Covered 1,Ignored,Covered 23,Covered 8,Covered 1,Ignored,Covered 1330,Covered 68,NotCovered,Ignored,Covered 39,Covered 97,NotCovered,Ignored,Ignored,Covered 59,Covered 1145,Covered 1145,Covered 1141,Covered 1140,Covered 1168,Covered 1234,NotCovered,Covered 1130,Ignored,Ignored,Ignored,Ignored,Ignored,NotCovered,Ignored,Ignored,NotCovered,NotCovered,Ignored,Ignored,NotCovered,Ignored,Ignored,Ignored,Ignored,Ignored,NotCovered,Ignored,Ignored,Ignored,Ignored,Ignored,Ignored,Ignored,NotCovered,Ignored,Ignored,NotCovered,Ignored,Ignored,Ignored,NotCovered,Ignored,Ignored,Ignored,Ignored,Ignored,Ignored,Ignored,Ignored,Ignored,Ignored,Ignored,Ignored,Ignored,Ignored,Ignored,Ignored,Covered 8,Ignored,Ignored,Ignored,Ignored,Ignored,Ignored,Ignored,Ignored,Ignored,Ignored,Ignored,Ignored,Ignored,Ignored,Ignored,Ignored,Ignored,Ignored,Ignored,Ignored,Ignored,Ignored,Ignored,Ignored,Ignored,Ignored,Ignored,Ignored,Ignored,Ignored,Ignored,Ignored,Ignored,Ignored,Ignored,Ignored,Ignored,Ignored,Ignored,Ignored,Ignored,Ignored,Ignored,Ignored,Ignored,Ignored,Ignored,Ignored,Ignored,Ignored,Ignored,Ignored,Ignored,Ignored,Ignored,Ignored,Ignored,Ignored,Ignored,Ignored,Ignored,Covered 1]