[Ignored,Ignored,Ignored,Ignored,Ignored,Ignored,Ignored,Ignored,Ignored,Ignored,Ignored,Ignored,Ignored,Ignored,Ignored,Ignored,Ignored,Ignored,Ignored,Ignored,Ignored,Ignored,Ignored,Ignored,Ignored,Ignored,Ignored,Ignored,NotCovered,Ignored,Ignored,Covered 1,Covered 565,Ignored,Ignored,Covered 564,Covered 563,Covered 564,Covered 10,Covered 5,Covered 5,Covered 564,Covered 3,Covered 3,Covered 3,Covered 564,Covered 3,Covered 3,Covered 3,Covered 3,Covered 564,Covered 1,Covered 1,Covered 3,Covered 1,Covered 3,Covered 3,Covered 1,Covered 1,Covered 1,Covered 1,Covered 1,Covered 1,Covered 1,Covered 3,Covered 3,Covered 3,Covered 1,Covered 1,Covered 1,Covered 564,Covered 8,Covered 9,Covered 8,Covered 2,Covered 2,Covered 2,Covered 2,Covered 1,Covered 2,Covered 2,Covered 2,Covered 2,Covered 564,NotCovered,NotCovered,NotCovered,NotCovered,Covered 564,Covered 11,Covered 6,Covered 6,Covered 564,Covered 4,Covered 1,Covered 1,Covered 4,Covered 1,Covered 1,Covered 564,Covered 105,Covered 105,Covered 105,Covered 105,Covered 105,Covered 105,Covered 105,Covered 105,Covered 105,Covered 105,Covered 105,Covered 105,Covered 105,Covered 105,Covered 55,Covered 105,Covered 105,Covered 105,Covered 105,Covered 105,Covered 105,Covered 105,Covered 105,Covered 105,Covered 105,Covered 105,Covered 57,Covered 105,Covered 105,Covered 105,Covered 105,Covered 105,Covered 105,Covered 564,Covered 564,Covered 564,Covered 564,Covered 564,NotCovered,Covered 564,Covered 564,Covered 564,NotCovered,Covered 564,NotCovered,Covered 564,Covered 1,Covered 1,Covered 1,Covered 1,Covered 1,Covered 1,Covered 1,Covered 1,Covered 1,Covered 1,Covered 1,Covered 1,Covered 1,Covered 1,Covered 1,Covered 564,Covered 564,Covered 564,NotCovered,NotCovered,NotCovered,NotCovered,NotCovered,NotCovered,Covered 564,Covered 564,NotCovered,NotCovered,NotCovered,NotCovered,Ignored,Ignored,Ignored,Ignored,Covered 20,Covered 20,Covered 21,Covered 21,Covered 21,Ignored,Ignored,Ignored,Covered 9,Covered 9,Covered 3,Covered 3,Covered 3,NotCovered,Covered 9,Ignored,Ignored,Ignored,Covered 12,Covered 12,Covered 3,Covered 3,Covered 3,Covered 3,Covered 12,NotCovered,Covered 12,Covered 12,Covered 12,Ignored,Ignored,Ignored,Covered 25,Covered 25,Covered 25,Covered 24,Ignored,Ignored,Ignored,NotCovered,NotCovered,NotCovered,NotCovered,NotCovered,NotCovered,NotCovered,NotCovered,NotCovered,Ignored,Ignored,Ignored,NotCovered,NotCovered,NotCovered,NotCovered,NotCovered,NotCovered,NotCovered,NotCovered,NotCovered,Ignored,Ignored,Ignored,NotCovered,NotCovered,NotCovered,NotCovered,NotCovered,NotCovered,NotCovered,NotCovered,NotCovered,NotCovered,Ignored,Ignored,NotCovered,NotCovered,NotCovered,NotCovered,NotCovered,NotCovered,NotCovered,NotCovered,NotCovered,NotCovered,NotCovered,NotCovered,Ignored,Ignored,Ignored,NotCovered,NotCovered,NotCovered,NotCovered,NotCovered,NotCovered,NotCovered,NotCovered,NotCovered,NotCovered,Ignored,Ignored,NotCovered,NotCovered,NotCovered,NotCovered,NotCovered,NotCovered,NotCovered,NotCovered,NotCovered,NotCovered,NotCovered,NotCovered,NotCovered,NotCovered,NotCovered,Ignored,Ignored,Ignored,Covered 23,Covered 23,Covered 11,Covered 6,Covered 6,Covered 23,NotCovered,NotCovered,NotCovered,Ignored,Ignored,Covered 23,Covered 23,Covered 23,Covered 23,Covered 23,Ignored,Ignored,Covered 12,Covered 12,Covered 12,Covered 12,Ignored,Ignored,Covered 210,Covered 209,Covered 210,Covered 210]