[Ignored,Ignored,Ignored,Ignored,Ignored,Ignored,Ignored,Ignored,Ignored,Ignored,Ignored,Ignored,Ignored,Ignored,Ignored,Covered 1,Ignored,Ignored,Covered 8,Ignored,Ignored,Covered 560]