[Ignored,Ignored,Ignored,Ignored,Ignored,Ignored,Ignored,Ignored,Ignored,Ignored,Ignored,Ignored,Ignored,Ignored,NotCovered,NotCovered,NotCovered,NotCovered,Ignored,NotCovered]