[Ignored,Ignored,Ignored,Ignored,Ignored,Ignored,Ignored,Ignored,Ignored,Ignored,Ignored,Ignored,Ignored,Ignored,Ignored,Ignored,Ignored,Ignored,Ignored,Ignored,Ignored,Ignored,Ignored,Ignored,Ignored,Ignored,Ignored,Ignored,Ignored,Ignored,Ignored,Ignored,Ignored,Ignored,Covered 7,Ignored,Ignored,Ignored,Covered 7,Covered 7,Covered 3,Covered 3,Covered 2,Covered 1,Ignored,Ignored,Ignored,Covered 1,Covered 2,Covered 13,Ignored,Ignored,Ignored,Covered 1,Covered 1,Covered 1,Covered 9,Covered 9,Covered 8,Ignored,Ignored,Ignored,Ignored,Covered 1,Covered 1,Covered 1,Covered 4,Covered 4,NotCovered,Covered 4,Covered 1,Ignored,Ignored,Ignored,Covered 4,NotCovered,Covered 4,Covered 4,Covered 4,Covered 4,NotCovered,Covered 4,NotCovered,NotCovered,Ignored,Ignored,Covered 1,Covered 3,NotCovered,NotCovered,NotCovered,Covered 2,NotCovered,Ignored,Ignored,Ignored,NotCovered,Covered 6,Covered 6,Covered 1,Ignored,Ignored,Ignored,Covered 6,Covered 6,Covered 2,Ignored,Ignored,Ignored,Ignored,Covered 6,Ignored,Ignored,Covered 6,Covered 1,NotCovered,NotCovered,Covered 1,NotCovered,NotCovered,NotCovered,NotCovered,NotCovered,NotCovered,NotCovered,NotCovered,NotCovered,NotCovered,NotCovered,Ignored,Ignored,Covered 1,Covered 1,NotCovered,NotCovered,NotCovered,NotCovered,NotCovered,NotCovered,NotCovered,NotCovered,NotCovered,NotCovered,NotCovered,NotCovered,NotCovered,NotCovered,NotCovered,NotCovered,NotCovered,NotCovered,Covered 1,Covered 1,NotCovered,NotCovered,NotCovered,NotCovered,NotCovered,NotCovered,NotCovered,NotCovered,NotCovered,NotCovered,NotCovered,NotCovered,NotCovered,NotCovered,NotCovered,NotCovered,NotCovered,NotCovered,NotCovered,NotCovered,NotCovered,NotCovered,NotCovered,NotCovered,NotCovered,NotCovered,NotCovered,NotCovered,NotCovered,NotCovered,NotCovered,NotCovered,NotCovered,NotCovered,NotCovered]