[Ignored,Ignored,Ignored,Ignored,Ignored,Ignored,Ignored,Ignored,Ignored,Ignored,Ignored,Ignored,Ignored,Ignored,Ignored,Ignored,Ignored,Ignored,Ignored,Ignored,Ignored,Ignored,Ignored,Ignored,Ignored,Ignored,Ignored,Ignored,Ignored,Ignored,Ignored,Ignored,Ignored,Ignored,Ignored,Ignored,Ignored,Ignored,Ignored,Ignored,Ignored,Covered 576,Covered 540,Covered 6,Covered 6,NotCovered,Covered 6,Covered 565,Ignored,Ignored,Covered 1488,Covered 444,Covered 520,Covered 2,Covered 2,NotCovered,Covered 3,Covered 521,Ignored,Ignored,Covered 1,Covered 212,Covered 4,NotCovered,NotCovered,NotCovered,Covered 4,Covered 4,Ignored,Ignored,Ignored,Covered 1,Ignored,Ignored,Covered 1,Ignored,Ignored,Covered 3,Ignored,Ignored,Covered 4,Ignored,Ignored,Covered 418,Ignored,Ignored,Covered 1064,Ignored,Ignored,Covered 417,Covered 1066,Ignored,Ignored,Covered 1,Ignored,Ignored,Covered 232,Ignored,Ignored,Ignored,Ignored,Ignored,Ignored,Covered 1,Ignored,Ignored,Ignored,Ignored,Ignored,Ignored,Ignored,NotCovered,NotCovered,Ignored,Ignored,Ignored,Covered 1,Ignored,Ignored,Ignored,Ignored,Covered 65536,Covered 65536,NotCovered,Ignored,Ignored,Ignored,Ignored,NotCovered]